【論理推論による解法ステップと連鎖詳細】

Step 01: 【一括確定】X  -> R01C01〜R01C04 (黄色・計4マス)
  └ [ドミノ倒しの検証プロセス]:
      1. 仮に R01C01(黄色) 等に猫を置くと仮定
      2. 「薄緑色」領域の空きが残り1マスになり R02C08 に猫が確定
      3. 結果: 「紫色」領域に猫を置ける空きマスが全滅（破綻）
  └ [結論] 上記の連鎖により詰むため、対象マス（R01C01, R01C02, R01C03, R01C04）はすべて X 確定
----------------------------------------------------------------------
Step 02: 【確定】X  -> R02C07 (紫色)
  └ [ドミノ倒しの検証プロセス]:
      1. 仮に R02C07(紫色) 等に猫を置くと仮定
      2. 結果: 「第1行」に猫を置ける空きマスが全滅（破綻）
  └ [結論] 上記の連鎖により詰むため、対象マス（R02C07）はすべて X 確定
----------------------------------------------------------------------
Step 03: 【確定】X  -> R03C03 (青色)
  └ [ドミノ倒しの検証プロセス]:
      1. 仮に R03C03(青色) 等に猫を置くと仮定
      2. 第1列の空きが残り1マスになり R08C01 に猫が確定
      3. 第4列の空きが残り1マスになり R08C04 に猫が確定
      4. 結果: 「黄色」領域に猫を置ける空きマスが全滅（破綻）
  └ [結論] 上記の連鎖により詰むため、対象マス（R03C03）はすべて X 確定
----------------------------------------------------------------------
Step 04: 【確定】X  -> R03C05 (赤色)
  └ [ドミノ倒しの検証プロセス]:
      1. 仮に R03C05(赤色) 等に猫を置くと仮定
      2. 「黄色」領域の空きが残り1マスになり R02C02 に猫が確定
      3. 結果: 「紫色」領域に猫を置ける空きマスが全滅（破綻）
  └ [結論] 上記の連鎖により詰むため、対象マス（R03C05）はすべて X 確定
----------------------------------------------------------------------
Step 05: 【確定】X  -> R04C02 (エメラルド色)
  └ [ドミノ倒しの検証プロセス]:
      1. 仮に R04C02(エメラルド色) 等に猫を置くと仮定
      2. 第8行の空きが残り1マスになり R08C01 に猫が確定
      3. 第3列の空きが残り1マスになり R02C03 に猫が確定
      4. 結果: 「第7行」に猫を置ける空きマスが全滅（破綻）
  └ [結論] 上記の連鎖により詰むため、対象マス（R04C02）はすべて X 確定
----------------------------------------------------------------------
Step 06: 【確定】X  -> R04C03 (青色)
  └ [ドミノ倒しの検証プロセス]:
      1. 仮に R04C03(青色) 等に猫を置くと仮定
      2. 第1列の空きが残り1マスになり R08C01 に猫が確定
      3. 第4列の空きが残り1マスになり R02C04 に猫が確定
      4. 第2列の空きが残り1マスになり R06C02 に猫が確定
      5. 「紫色」領域の空きが残り1マスになり R03C07 に猫が確定
      6. 第5列の空きが残り1マスになり R05C05 に猫が確定
      7. 「薄橙色」領域の空きが残り1マスになり R05C08 に猫が確定
      8. 結果: 「第7行」に猫を置ける空きマスが全滅（破綻）
  └ [結論] 上記の連鎖により詰むため、対象マス（R04C03）はすべて X 確定
----------------------------------------------------------------------
Step 07: 【確定】X  -> R05C02 (エメラルド色)
  └ [ドミノ倒しの検証プロセス]:
      1. 仮に R05C02(エメラルド色) 等に猫を置くと仮定
      2. 第8行の空きが残り1マスになり R08C01 に猫が確定
      3. 第3列の空きが残り1マスになり R02C03 に猫が確定
      4. 第4列の空きが残り1マスになり R04C04 に猫が確定
      5. 結果: 「第7行」に猫を置ける空きマスが全滅（破綻）
  └ [結論] 上記の連鎖により詰むため、対象マス（R05C02）はすべて X 確定
----------------------------------------------------------------------
Step 08: 【確定】X  -> R02C03 (青色)
  └ [ドミノ倒しの検証プロセス]:
      1. 仮に R02C03(青色) 等に猫を置くと仮定
      2. 第1列の空きが残り1マスになり R08C01 に猫が確定
      3. 「黄色」領域の空きが残り1マスになり R04C04 に猫が確定
      4. 第2列の空きが残り1マスになり R06C02 に猫が確定
      5. 第5列の空きが残り1マスになり R01C05 に猫が確定
      6. 結果: 「第7行」に猫を置ける空きマスが全滅（破綻）
  └ [結論] 上記の連鎖により詰むため、対象マス（R02C03）はすべて X 確定
----------------------------------------------------------------------
Step 09: 【確定】X  -> R05C03 (青色)
  └ [ドミノ倒しの検証プロセス]:
      1. 仮に R05C03(青色) 等に猫を置くと仮定
      2. 第1列の空きが残り1マスになり R08C01 に猫が確定
      3. 第2列の空きが残り1マスになり R02C02 に猫が確定
      4. 結果: 「第4列」に猫を置ける空きマスが全滅（破綻）
  └ [結論] 上記の連鎖により詰むため、対象マス（R05C03）はすべて X 確定
----------------------------------------------------------------------
Step 10: 【確定】X  -> R05C04 (青色)
  └ [ドミノ倒しの検証プロセス]:
      1. 仮に R05C04(青色) 等に猫を置くと仮定
      2. 第1列の空きが残り1マスになり R08C01 に猫が確定
      3. 「黄色」領域の空きが残り1マスになり R02C02 に猫が確定
      4. 第3列の空きが残り1マスになり R07C03 に猫が確定
      5. 第5列の空きが残り1マスになり R01C05 に猫が確定
      6. 結果: 「薄緑色」領域に猫を置ける空きマスが全滅（破綻）
  └ [結論] 上記の連鎖により詰むため、対象マス（R05C04）はすべて X 確定
----------------------------------------------------------------------
Step 11: 【確定】X  -> R06C01 (青色)
  └ [ドミノ倒しの検証プロセス]:
      1. 仮に R06C01(青色) 等に猫を置くと仮定
      2. 「ピンク色」領域の空きが残り1マスになり R08C02 に猫が確定
      3. 結果: 「第3列」に猫を置ける空きマスが全滅（破綻）
  └ [結論] 上記の連鎖により詰むため、対象マス（R06C01）はすべて X 確定
----------------------------------------------------------------------
Step 12: 【確定】X  -> R06C02 (エメラルド色)
  └ [ドミノ倒しの検証プロセス]:
      1. 仮に R06C02(エメラルド色) 等に猫を置くと仮定
      2. 第8行の空きが残り1マスになり R08C01 に猫が確定
      3. 結果: 「第3列」に猫を置ける空きマスが全滅（破綻）
  └ [結論] 上記の連鎖により詰むため、対象マス（R06C02）はすべて X 確定
----------------------------------------------------------------------
Step 13: 【確定】X  -> R06C04 (青色)
  └ [ドミノ倒しの検証プロセス]:
      1. 仮に R06C04(青色) 等に猫を置くと仮定
      2. 第1列の空きが残り1マスになり R08C01 に猫が確定
      3. 第3列の空きが残り1マスになり R08C03 に猫が確定
      4. 「黄色」領域の空きが残り1マスになり R02C02 に猫が確定
      5. 結果: 「第7行」に猫を置ける空きマスが全滅（破綻）
  └ [結論] 上記の連鎖により詰むため、対象マス（R06C04）はすべて X 確定
----------------------------------------------------------------------
Step 14: 【確定】X  -> R02C02 (黄色)
  └ [ドミノ倒しの検証プロセス]:
      1. 仮に R02C02(黄色) 等に猫を置くと仮定
      2. 「ピンク色」領域の空きが残り1マスになり R08C01 に猫が確定
      3. 第4列の空きが残り1マスになり R07C04 に猫が確定
      4. 結果: 「第3列」に猫を置ける空きマスが全滅（破綻）
  └ [結論] 上記の連鎖により詰むため、対象マス（R02C02）はすべて X 確定
----------------------------------------------------------------------
Step 15: 【確定】X  -> R03C08 (薄橙色)
  └ [ドミノ倒しの検証プロセス]:
      1. 仮に R03C08(薄橙色) 等に猫を置くと仮定
      2. 第6行の空きが残り1マスになり R06C03 に猫が確定
      3. 第2列の空きが残り1マスになり R08C02 に猫が確定
      4. 第7列の空きが残り1マスになり R01C07 に猫が確定
      5. 第7行の空きが残り1マスになり R07C05 に猫が確定
      6. 「紫色」領域の空きが残り1マスになり R02C05 に猫が確定
      7. 第5行の空きが残り1マスになり R05C06 に猫が確定
      8. 第4列の空きが残り1マスになり R04C04 に猫が確定
      9. 結果: 「第1列」に猫を置ける空きマスが全滅（破綻）
  └ [結論] 上記の連鎖により詰むため、対象マス（R03C08）はすべて X 確定
----------------------------------------------------------------------
Step 16: 【確定】X  -> R04C08 (薄橙色)
  └ [ドミノ倒しの検証プロセス]:
      1. 仮に R04C08(薄橙色) 等に猫を置くと仮定
      2. 第6行の空きが残り1マスになり R06C03 に猫が確定
      3. 第7列の空きが残り1マスになり R01C07 に猫が確定
      4. 「紫色」領域の空きが残り1マスになり R02C05 に猫が確定
      5. 第7行の空きが残り1マスになり R07C01 に猫が確定
      6. 第6列の空きが残り1マスになり R05C06 に猫が確定
      7. 結果: 「第4列」に猫を置ける空きマスが全滅（破綻）
  └ [結論] 上記の連鎖により詰むため、対象マス（R04C08）はすべて X 確定
----------------------------------------------------------------------
Step 17: 【確定】X  -> R07C01 (青色)
  └ [ドミノ倒しの検証プロセス]:
      1. 仮に R07C01(青色) 等に猫を置くと仮定
      2. 結果: 「第2列」に猫を置ける空きマスが全滅（破綻）
  └ [結論] 上記の連鎖により詰むため、対象マス（R07C01）はすべて X 確定
----------------------------------------------------------------------
Step 18: 【確定】X  -> R07C02 (ピンク色)
  └ [ドミノ倒しの検証プロセス]:
      1. 仮に R07C02(ピンク色) 等に猫を置くと仮定
      2. 結果: 「第3列」に猫を置ける空きマスが全滅（破綻）
  └ [結論] 上記の連鎖により詰むため、対象マス（R07C02）はすべて X 確定
----------------------------------------------------------------------
Step 19: 【確定】X  -> R01C06 (薄緑色)
  └ [ドミノ倒しの検証プロセス]:
      1. 仮に R01C06(薄緑色) 等に猫を置くと仮定
      2. 「紫色」領域の空きが残り1マスになり R03C07 に猫が確定
      3. 第2列の空きが残り1マスになり R08C02 に猫が確定
      4. 第3列の空きが残り1マスになり R06C03 に猫が確定
      5. 第7行の空きが残り1マスになり R07C05 に猫が確定
      6. 第8列の空きが残り1マスになり R05C08 に猫が確定
      7. 第2行の空きが残り1マスになり R02C04 に猫が確定
      8. 第4行の空きが残り1マスになり R04C04 に猫が確定
      9. 結果: 「第1列」に猫を置ける空きマスが全滅（破綻）
  └ [結論] 上記の連鎖により詰むため、対象マス（R01C06）はすべて X 確定
----------------------------------------------------------------------
Step 20: 【確定】X  -> R02C01 (青色)
  └ [ドミノ倒しの検証プロセス]:
      1. 仮に R02C01(青色) 等に猫を置くと仮定
      2. 第2列の空きが残り1マスになり R08C02 に猫が確定
      3. 第3列の空きが残り1マスになり R06C03 に猫が確定
      4. 結果: 「第7行」に猫を置ける空きマスが全滅（破綻）
  └ [結論] 上記の連鎖により詰むため、対象マス（R02C01）はすべて X 確定
----------------------------------------------------------------------
Step 21: 【確定】X  -> R02C04 (黄色)
  └ [ドミノ倒しの検証プロセス]:
      1. 仮に R02C04(黄色) 等に猫を置くと仮定
      2. 「紫色」領域の空きが残り1マスになり R03C07 に猫が確定
      3. 第1行の空きが残り1マスになり R01C08 に猫が確定
      4. 第2列の空きが残り1マスになり R08C02 に猫が確定
      5. 第3列の空きが残り1マスになり R06C03 に猫が確定
      6. 第7行の空きが残り1マスになり R07C05 に猫が確定
      7. 第6列の空きが残り1マスになり R05C06 に猫が確定
      8. 結果: 「薄橙色」領域に猫を置ける空きマスが全滅（破綻）
  └ [結論] 上記の連鎖により詰むため、対象マス（R02C04）はすべて X 確定
----------------------------------------------------------------------
Step 22: 【確定】X  -> R03C01 (青色)
  └ [ドミノ倒しの検証プロセス]:
      1. 仮に R03C01(青色) 等に猫を置くと仮定
      2. 第2列の空きが残り1マスになり R08C02 に猫が確定
      3. 「黄色」領域の空きが残り1マスになり R04C04 に猫が確定
      4. 第3列の空きが残り1マスになり R06C03 に猫が確定
      5. 「赤色」領域の空きが残り1マスになり R05C06 に猫が確定
      6. 第7列の空きが残り1マスになり R01C07 に猫が確定
      7. 結果: 「第7行」に猫を置ける空きマスが全滅（破綻）
  └ [結論] 上記の連鎖により詰むため、対象マス（R03C01）はすべて X 確定
----------------------------------------------------------------------
Step 23: 【確定】X  -> R03C04 (黄色)
  └ [ドミノ倒しの検証プロセス]:
      1. 仮に R03C04(黄色) 等に猫を置くと仮定
      2. 第2列の空きが残り1マスになり R08C02 に猫が確定
      3. 第3列の空きが残り1マスになり R06C03 に猫が確定
      4. 第7行の空きが残り1マスになり R07C05 に猫が確定
      5. 「紫色」領域の空きが残り1マスになり R02C06 に猫が確定
      6. 結果: 「第1列」に猫を置ける空きマスが全滅（破綻）
  └ [結論] 上記の連鎖により詰むため、対象マス（R03C04）はすべて X 確定
----------------------------------------------------------------------
Step 24: 【確定】X  -> R02C06 (紫色)
  └ [ドミノ倒しの検証プロセス]:
      1. 仮に R02C06(紫色) 等に猫を置くと仮定
      2. 第1行の空きが残り1マスになり R01C08 に猫が確定
      3. 第3行の空きが残り1マスになり R03C02 に猫が確定
      4. 結果: 「赤色」領域に猫を置ける空きマスが全滅（破綻）
  └ [結論] 上記の連鎖により詰むため、対象マス（R02C06）はすべて X 確定
----------------------------------------------------------------------
Step 25: 【確定】X  -> R01C08 (薄緑色)
  └ [ドミノ倒しの検証プロセス]:
      1. 仮に R01C08(薄緑色) 等に猫を置くと仮定
      2. 第2行の空きが残り1マスになり R02C05 に猫が確定
      3. 第3行の空きが残り1マスになり R03C02 に猫が確定
      4. 「赤色」領域の空きが残り1マスになり R05C06 に猫が確定
      5. 第6行の空きが残り1マスになり R06C03 に猫が確定
      6. 第1列の空きが残り1マスになり R08C01 に猫が確定
      7. 結果: 「薄橙色」領域に猫を置ける空きマスが全滅（破綻）
  └ [結論] 上記の連鎖により詰むため、対象マス（R01C08）はすべて X 確定
----------------------------------------------------------------------
Step 26: 【確定】X  -> R03C06 (赤色)
  └ [ドミノ倒しの検証プロセス]:
      1. 仮に R03C06(赤色) 等に猫を置くと仮定
      2. 第2行の空きが残り1マスになり R02C08 に猫が確定
      3. 第2列の空きが残り1マスになり R08C02 に猫が確定
      4. 「紫色」領域の空きが残り1マスになり R01C05 に猫が確定
      5. 第7行の空きが残り1マスになり R07C07 に猫が確定
      6. 第1列の空きが残り1マスになり R05C01 に猫が確定
      7. 第3列の空きが残り1マスになり R06C03 に猫が確定
      8. 結果: 「薄橙色」領域に猫を置ける空きマスが全滅（破綻）
  └ [結論] 上記の連鎖により詰むため、対象マス（R03C06）はすべて X 確定
----------------------------------------------------------------------

【最終結果】確定した猫の配置一覧（全8箇所）
=============================================
  猫 1: R01C07  (薄緑色)
  猫 2: R02C05  (紫色)
  猫 3: R03C02  (青色)
  猫 4: R04C04  (黄色)
  猫 5: R05C06  (赤色)
  猫 6: R06C08  (薄橙色)
  猫 7: R07C03  (エメラルド色)
  猫 8: R08C01  (ピンク色)
=============================================

【最終盤面】 (O: 猫, X: 置き不可)
R01 | X  X  X  X  X  X  O  X |
R02 | X  X  X  X  O  X  X  X |
R03 | X  O  X  X  X  X  X  X |
R04 | X  X  X  O  X  X  X  X |
R05 | X  X  X  X  X  O  X  X |
R06 | X  X  X  X  X  X  X  O |
R07 | X  X  O  X  X  X  X  X |
R08 | O  X  X  X  X  X  X  X |
